Component: ARM Compiler 5.06 update 6 (build 750) Tool: armlink [4d35ed]

==============================================================================

Section Cross References

    main.o(.text) refers to mytasks.o(.text) for vInit_myTasks
    main.o(.text) refers to tasks.o(.text) for vTaskStartScheduler
    mytasks.o(.text) refers to tasks.o(.text) for vTaskDelay
    mytasks.o(.text) refers to mytasks.o(.data) for reload_B
    tasks.o(.text) refers to list.o(.text) for vListInitialise
    tasks.o(.text) refers to port.o(.text) for vPortEnterCritical
    tasks.o(.text) refers to heap_2.o(.text) for pvPortMalloc
    tasks.o(.text) refers to tasks.o(.bss) for pxReadyTasksLists
    tasks.o(.text) refers to tasks.o(.data) for pxDelayedTaskList
    queue.o(.text) refers to port.o(.text) for vPortEnterCritical
    queue.o(.text) refers to tasks.o(.text) for xTaskRemoveFromEventList
    queue.o(.text) refers to list.o(.text) for vListInitialise
    queue.o(.text) refers to heap_2.o(.text) for pvPortMalloc
    queue.o(.text) refers to rt_memcpy_v6.o(.text) for __aeabi_memcpy
    heap_2.o(.text) refers to tasks.o(.text) for vTaskSuspendAll
    heap_2.o(.text) refers to heap_2.o(.bss) for ucHeap
    heap_2.o(.text) refers to heap_2.o(.data) for xStart
    port.o(.emb_text) refers to tasks.o(.text) for vTaskSwitchContext
    port.o(.emb_text) refers to tasks.o(.data) for pxCurrentTCB
    port.o(.text) refers to port.o(.emb_text) for __asm___6_port_c_39a90d8d__prvStartFirstTask
    port.o(.text) refers to tasks.o(.text) for xTaskIncrementTick
    port.o(.text) refers to port.o(.data) for uxCriticalNesting
    keil_freertos_startup_lpc17xx40xx.o(STACK) refers (Special) to heapauxi.o(.text) for __use_two_region_memory
    keil_freertos_startup_lpc17xx40xx.o(HEAP) refers (Special) to heapauxi.o(.text) for __use_two_region_memory
    keil_freertos_startup_lpc17xx40xx.o(RESET) refers (Special) to heapauxi.o(.text) for __use_two_region_memory
    keil_freertos_startup_lpc17xx40xx.o(RESET) refers to keil_freertos_startup_lpc17xx40xx.o(STACK) for __initial_sp
    keil_freertos_startup_lpc17xx40xx.o(RESET) refers to keil_freertos_startup_lpc17xx40xx.o(.text) for Reset_Handler
    keil_freertos_startup_lpc17xx40xx.o(RESET) refers to port.o(.emb_text) for SVC_Handler
    keil_freertos_startup_lpc17xx40xx.o(RESET) refers to port.o(.text) for SysTick_Handler
    keil_freertos_startup_lpc17xx40xx.o(.ARM.__at_0x02FC) refers (Special) to heapauxi.o(.text) for __use_two_region_memory
    keil_freertos_startup_lpc17xx40xx.o(.text) refers (Special) to heapauxi.o(.text) for __use_two_region_memory
    keil_freertos_startup_lpc17xx40xx.o(.text) refers to system_lpc17xx.o(.text) for SystemInit
    keil_freertos_startup_lpc17xx40xx.o(.text) refers to __main.o(!!!main) for __main
    keil_freertos_startup_lpc17xx40xx.o(.text) refers to keil_freertos_startup_lpc17xx40xx.o(HEAP) for Heap_Mem
    keil_freertos_startup_lpc17xx40xx.o(.text) refers to keil_freertos_startup_lpc17xx40xx.o(STACK) for Stack_Mem
    system_lpc17xx.o(.text) refers to lludivv7m.o(.text) for __aeabi_uldivmod
    system_lpc17xx.o(.text) refers to system_lpc17xx.o(.data) for SystemCoreClock
    rt_memcpy_v6.o(.text) refers to rt_memcpy_w.o(.text) for __aeabi_memcpy4
    __main.o(!!!main) refers to __rtentry.o(.ARM.Collect$$rtentry$$00000000) for __rt_entry
    __rtentry.o(.ARM.Collect$$rtentry$$00000000) refers (Special) to __rtentry2.o(.ARM.Collect$$rtentry$$0000000A) for __rt_entry_li
    __rtentry.o(.ARM.Collect$$rtentry$$00000000) refers (Special) to __rtentry2.o(.ARM.Collect$$rtentry$$0000000D) for __rt_entry_main
    __rtentry.o(.ARM.Collect$$rtentry$$00000000) refers (Special) to __rtentry2.o(.ARM.Collect$$rtentry$$0000000C) for __rt_entry_postli_1
    __rtentry.o(.ARM.Collect$$rtentry$$00000000) refers (Special) to __rtentry2.o(.ARM.Collect$$rtentry$$00000009) for __rt_entry_postsh_1
    __rtentry.o(.ARM.Collect$$rtentry$$00000000) refers (Special) to __rtentry2.o(.ARM.Collect$$rtentry$$00000002) for __rt_entry_presh_1
    __rtentry.o(.ARM.Collect$$rtentry$$00000000) refers (Special) to __rtentry4.o(.ARM.Collect$$rtentry$$00000004) for __rt_entry_sh
    aeabi_ldiv0_sigfpe.o(.text) refers to rt_div0.o(.text) for __rt_div0
    __rtentry2.o(.ARM.Collect$$rtentry$$00000008) refers to boardinit2.o(.text) for _platform_post_stackheap_init
    __rtentry2.o(.ARM.Collect$$rtentry$$0000000A) refers to libinit.o(.ARM.Collect$$libinit$$00000000) for __rt_lib_init
    __rtentry2.o(.ARM.Collect$$rtentry$$0000000B) refers to boardinit3.o(.text) for _platform_post_lib_init
    __rtentry2.o(.ARM.Collect$$rtentry$$0000000D) refers to main.o(.text) for main
    __rtentry2.o(.ARM.Collect$$rtentry$$0000000D) refers to exit.o(.text) for exit
    __rtentry2.o(.ARM.exidx) refers to __rtentry2.o(.ARM.Collect$$rtentry$$00000001) for .ARM.Collect$$rtentry$$00000001
    __rtentry2.o(.ARM.exidx) refers to __rtentry2.o(.ARM.Collect$$rtentry$$00000008) for .ARM.Collect$$rtentry$$00000008
    __rtentry2.o(.ARM.exidx) refers to __rtentry2.o(.ARM.Collect$$rtentry$$0000000A) for .ARM.Collect$$rtentry$$0000000A
    __rtentry2.o(.ARM.exidx) refers to __rtentry2.o(.ARM.Collect$$rtentry$$0000000B) for .ARM.Collect$$rtentry$$0000000B
    __rtentry2.o(.ARM.exidx) refers to __rtentry2.o(.ARM.Collect$$rtentry$$0000000D) for .ARM.Collect$$rtentry$$0000000D
    __rtentry4.o(.ARM.Collect$$rtentry$$00000004) refers to sys_stackheap_outer.o(.text) for __user_setup_stackheap
    __rtentry4.o(.ARM.exidx) refers to __rtentry4.o(.ARM.Collect$$rtentry$$00000004) for .ARM.Collect$$rtentry$$00000004
    rt_div0.o(.text) refers to defsig_fpe_outer.o(.text) for __rt_SIGFPE
    sys_stackheap_outer.o(.text) refers to libspace.o(.text) for __user_perproc_libspace
    sys_stackheap_outer.o(.text) refers to keil_freertos_startup_lpc17xx40xx.o(.text) for __user_initial_stackheap
    exit.o(.text) refers to rtexit.o(.ARM.Collect$$rtexit$$00000000) for __rt_exit
    defsig_fpe_outer.o(.text) refers to defsig_fpe_inner.o(.text) for __rt_SIGFPE_inner
    defsig_fpe_outer.o(.text) refers to defsig_exit.o(.text) for __sig_exit
    defsig_fpe_formal.o(.text) refers to rt_raise.o(.text) for __rt_raise
    libinit.o(.ARM.Collect$$libinit$$00000000) refers (Special) to libinit2.o(.ARM.Collect$$libinit$$0000002E) for __rt_lib_init_alloca_1
    libinit.o(.ARM.Collect$$libinit$$00000000) refers (Special) to libinit2.o(.ARM.Collect$$libinit$$0000002C) for __rt_lib_init_argv_1
    libinit.o(.ARM.Collect$$libinit$$00000000) refers (Special) to libinit2.o(.ARM.Collect$$libinit$$0000001B) for __rt_lib_init_atexit_1
    libinit.o(.ARM.Collect$$libinit$$00000000) refers (Special) to libinit2.o(.ARM.Collect$$libinit$$00000021) for __rt_lib_init_clock_1
    libinit.o(.ARM.Collect$$libinit$$00000000) refers (Special) to libinit2.o(.ARM.Collect$$libinit$$00000032) for __rt_lib_init_cpp_1
    libinit.o(.ARM.Collect$$libinit$$00000000) refers (Special) to libinit2.o(.ARM.Collect$$libinit$$00000030) for __rt_lib_init_exceptions_1
    libinit.o(.ARM.Collect$$libinit$$00000000) refers (Special) to libinit2.o(.ARM.Collect$$libinit$$00000002) for __rt_lib_init_fp_1
    libinit.o(.ARM.Collect$$libinit$$00000000) refers (Special) to libinit2.o(.ARM.Collect$$libinit$$0000001F) for __rt_lib_init_fp_trap_1
    libinit.o(.ARM.Collect$$libinit$$00000000) refers (Special) to libinit2.o(.ARM.Collect$$libinit$$00000023) for __rt_lib_init_getenv_1
    libinit.o(.ARM.Collect$$libinit$$00000000) refers (Special) to libinit2.o(.ARM.Collect$$libinit$$0000000A) for __rt_lib_init_heap_1
    libinit.o(.ARM.Collect$$libinit$$00000000) refers (Special) to libinit2.o(.ARM.Collect$$libinit$$00000011) for __rt_lib_init_lc_collate_1
    libinit.o(.ARM.Collect$$libinit$$00000000) refers (Special) to libinit2.o(.ARM.Collect$$libinit$$00000013) for __rt_lib_init_lc_ctype_1
    libinit.o(.ARM.Collect$$libinit$$00000000) refers (Special) to libinit2.o(.ARM.Collect$$libinit$$00000015) for __rt_lib_init_lc_monetary_1
    libinit.o(.ARM.Collect$$libinit$$00000000) refers (Special) to libinit2.o(.ARM.Collect$$libinit$$00000017) for __rt_lib_init_lc_numeric_1
    libinit.o(.ARM.Collect$$libinit$$00000000) refers (Special) to libinit2.o(.ARM.Collect$$libinit$$00000019) for __rt_lib_init_lc_time_1
    libinit.o(.ARM.Collect$$libinit$$00000000) refers (Special) to libinit2.o(.ARM.Collect$$libinit$$00000004) for __rt_lib_init_preinit_1
    libinit.o(.ARM.Collect$$libinit$$00000000) refers (Special) to libinit2.o(.ARM.Collect$$libinit$$0000000E) for __rt_lib_init_rand_1
    libinit.o(.ARM.Collect$$libinit$$00000000) refers (Special) to libinit2.o(.ARM.Collect$$libinit$$00000033) for __rt_lib_init_return
    libinit.o(.ARM.Collect$$libinit$$00000000) refers (Special) to libinit2.o(.ARM.Collect$$libinit$$0000001D) for __rt_lib_init_signal_1
    libinit.o(.ARM.Collect$$libinit$$00000000) refers (Special) to libinit2.o(.ARM.Collect$$libinit$$00000025) for __rt_lib_init_stdio_1
    libinit.o(.ARM.Collect$$libinit$$00000000) refers (Special) to libinit2.o(.ARM.Collect$$libinit$$0000000C) for __rt_lib_init_user_alloc_1
    libspace.o(.text) refers to libspace.o(.bss) for __libspace_start
    rtexit.o(.ARM.Collect$$rtexit$$00000000) refers (Special) to rtexit2.o(.ARM.Collect$$rtexit$$00000004) for __rt_exit_exit
    rtexit.o(.ARM.Collect$$rtexit$$00000000) refers (Special) to rtexit2.o(.ARM.Collect$$rtexit$$00000003) for __rt_exit_ls
    rtexit.o(.ARM.Collect$$rtexit$$00000000) refers (Special) to rtexit2.o(.ARM.Collect$$rtexit$$00000002) for __rt_exit_prels_1
    rtexit.o(.ARM.exidx) refers (Special) to rtexit2.o(.ARM.Collect$$rtexit$$00000004) for __rt_exit_exit
    rtexit.o(.ARM.exidx) refers (Special) to rtexit2.o(.ARM.Collect$$rtexit$$00000003) for __rt_exit_ls
    rtexit.o(.ARM.exidx) refers (Special) to rtexit2.o(.ARM.Collect$$rtexit$$00000002) for __rt_exit_prels_1
    rtexit.o(.ARM.exidx) refers to rtexit.o(.ARM.Collect$$rtexit$$00000000) for .ARM.Collect$$rtexit$$00000000
    rt_raise.o(.text) refers to __raise.o(.text) for __raise
    rt_raise.o(.text) refers to sys_exit.o(.text) for _sys_exit
    defsig_exit.o(.text) refers to sys_exit.o(.text) for _sys_exit
    defsig_fpe_inner.o(.text) refers to defsig_general.o(.text) for __default_signal_display
    libinit2.o(.ARM.Collect$$libinit$$00000010) refers to libinit2.o(.ARM.Collect$$libinit$$0000000F) for .ARM.Collect$$libinit$$0000000F
    libinit2.o(.ARM.Collect$$libinit$$00000012) refers to libinit2.o(.ARM.Collect$$libinit$$0000000F) for .ARM.Collect$$libinit$$0000000F
    libinit2.o(.ARM.Collect$$libinit$$00000014) refers to libinit2.o(.ARM.Collect$$libinit$$0000000F) for .ARM.Collect$$libinit$$0000000F
    libinit2.o(.ARM.Collect$$libinit$$00000016) refers to libinit2.o(.ARM.Collect$$libinit$$0000000F) for .ARM.Collect$$libinit$$0000000F
    libinit2.o(.ARM.Collect$$libinit$$00000018) refers to libinit2.o(.ARM.Collect$$libinit$$0000000F) for .ARM.Collect$$libinit$$0000000F
    libinit2.o(.ARM.Collect$$libinit$$00000026) refers to argv_veneer.o(.emb_text) for __ARM_argv_veneer
    libinit2.o(.ARM.Collect$$libinit$$00000027) refers to argv_veneer.o(.emb_text) for __ARM_argv_veneer
    sys_exit.o(.text) refers (Special) to use_no_semi.o(.text) for __I$use$semihosting
    sys_exit.o(.text) refers (Special) to indicate_semi.o(.text) for __semihosting_library_function
    rtexit2.o(.ARM.Collect$$rtexit$$00000003) refers to libshutdown.o(.ARM.Collect$$libshutdown$$00000000) for __rt_lib_shutdown
    rtexit2.o(.ARM.Collect$$rtexit$$00000004) refers to sys_exit.o(.text) for _sys_exit
    rtexit2.o(.ARM.exidx) refers to rtexit2.o(.ARM.Collect$$rtexit$$00000001) for .ARM.Collect$$rtexit$$00000001
    rtexit2.o(.ARM.exidx) refers to rtexit2.o(.ARM.Collect$$rtexit$$00000003) for .ARM.Collect$$rtexit$$00000003
    rtexit2.o(.ARM.exidx) refers to rtexit2.o(.ARM.Collect$$rtexit$$00000004) for .ARM.Collect$$rtexit$$00000004
    __raise.o(.text) refers to defsig.o(CL$$defsig) for __default_signal_handler
    defsig_general.o(.text) refers to sys_wrch.o(.text) for _ttywrch
    argv_veneer.o(.emb_text) refers to no_argv.o(.text) for __ARM_get_argv
    sys_wrch.o(.text) refers (Special) to use_no_semi.o(.text) for __I$use$semihosting
    sys_wrch.o(.text) refers (Special) to indicate_semi.o(.text) for __semihosting_library_function
    defsig.o(CL$$defsig) refers to defsig_fpe_inner.o(.text) for __rt_SIGFPE_inner
    defsig.o(CL$$defsig) refers to defsig_rtmem_inner.o(.text) for __rt_SIGRTMEM_inner
    _get_argv_nomalloc.o(.text) refers (Special) to hrguard.o(.text) for __heap_region$guard
    _get_argv_nomalloc.o(.text) refers to defsig_rtmem_outer.o(.text) for __rt_SIGRTMEM
    _get_argv_nomalloc.o(.text) refers to sys_command.o(.text) for _sys_command_string
    libshutdown.o(.ARM.Collect$$libshutdown$$00000000) refers (Special) to libshutdown2.o(.ARM.Collect$$libshutdown$$00000002) for __rt_lib_shutdown_cpp_1
    libshutdown.o(.ARM.Collect$$libshutdown$$00000000) refers (Special) to libshutdown2.o(.ARM.Collect$$libshutdown$$00000007) for __rt_lib_shutdown_fp_trap_1
    libshutdown.o(.ARM.Collect$$libshutdown$$00000000) refers (Special) to libshutdown2.o(.ARM.Collect$$libshutdown$$0000000F) for __rt_lib_shutdown_heap_1
    libshutdown.o(.ARM.Collect$$libshutdown$$00000000) refers (Special) to libshutdown2.o(.ARM.Collect$$libshutdown$$00000010) for __rt_lib_shutdown_return
    libshutdown.o(.ARM.Collect$$libshutdown$$00000000) refers (Special) to libshutdown2.o(.ARM.Collect$$libshutdown$$0000000A) for __rt_lib_shutdown_signal_1
    libshutdown.o(.ARM.Collect$$libshutdown$$00000000) refers (Special) to libshutdown2.o(.ARM.Collect$$libshutdown$$00000004) for __rt_lib_shutdown_stdio_1
    libshutdown.o(.ARM.Collect$$libshutdown$$00000000) refers (Special) to libshutdown2.o(.ARM.Collect$$libshutdown$$0000000C) for __rt_lib_shutdown_user_alloc_1
    sys_command.o(.text) refers (Special) to use_no_semi.o(.text) for __I$use$semihosting
    sys_command.o(.text) refers (Special) to indicate_semi.o(.text) for __semihosting_library_function
    defsig_abrt_inner.o(.text) refers to defsig_general.o(.text) for __default_signal_display
    defsig_rtred_inner.o(.text) refers to defsig_general.o(.text) for __default_signal_display
    defsig_rtmem_inner.o(.text) refers to defsig_general.o(.text) for __default_signal_display
    defsig_rtmem_outer.o(.text) refers to defsig_rtmem_inner.o(.text) for __rt_SIGRTMEM_inner
    defsig_rtmem_outer.o(.text) refers to defsig_exit.o(.text) for __sig_exit
    defsig_rtmem_formal.o(.text) refers to rt_raise.o(.text) for __rt_raise
    defsig_stak_inner.o(.text) refers to defsig_general.o(.text) for __default_signal_display
    defsig_pvfn_inner.o(.text) refers to defsig_general.o(.text) for __default_signal_display
    defsig_cppl_inner.o(.text) refers to defsig_general.o(.text) for __default_signal_display
    defsig_segv_inner.o(.text) refers to defsig_general.o(.text) for __default_signal_display
    defsig_other.o(.text) refers to defsig_general.o(.text) for __default_signal_display


==============================================================================

Removing Unused input sections from the image.

    Removing main.o(.rev16_text), (4 bytes).
    Removing main.o(.revsh_text), (4 bytes).
    Removing mytasks.o(.rev16_text), (4 bytes).
    Removing mytasks.o(.revsh_text), (4 bytes).
    Removing tasks.o(.rev16_text), (4 bytes).
    Removing tasks.o(.revsh_text), (4 bytes).
    Removing list.o(.rev16_text), (4 bytes).
    Removing list.o(.revsh_text), (4 bytes).
    Removing queue.o(.rev16_text), (4 bytes).
    Removing queue.o(.revsh_text), (4 bytes).
    Removing queue.o(.text), (2148 bytes).
    Removing heap_2.o(.rev16_text), (4 bytes).
    Removing heap_2.o(.revsh_text), (4 bytes).
    Removing port.o(.rev16_text), (4 bytes).
    Removing port.o(.revsh_text), (4 bytes).
    Removing system_lpc17xx.o(.rev16_text), (4 bytes).
    Removing system_lpc17xx.o(.revsh_text), (4 bytes).

17 unused section(s) (total 2212 bytes) removed from the image.

==============================================================================

Image Symbol Table

    Local Symbols

    Symbol Name                              Value     Ov Type        Size  Object(Section)

    RESET                                    0x00000000   Section      204  keil_freertos_startup_lpc17xx40xx.o(RESET)
    ../clib/angel/boardlib.s                 0x00000000   Number         0  boardshut.o ABSOLUTE
    ../clib/angel/boardlib.s                 0x00000000   Number         0  boardinit3.o ABSOLUTE
    ../clib/angel/boardlib.s                 0x00000000   Number         0  boardinit2.o ABSOLUTE
    ../clib/angel/boardlib.s                 0x00000000   Number         0  boardinit1.o ABSOLUTE
    ../clib/angel/handlers.s                 0x00000000   Number         0  __scatter_copy.o ABSOLUTE
    ../clib/angel/handlers.s                 0x00000000   Number         0  __scatter_zi.o ABSOLUTE
    ../clib/angel/kernel.s                   0x00000000   Number         0  __rtentry.o ABSOLUTE
    ../clib/angel/kernel.s                   0x00000000   Number         0  rtexit2.o ABSOLUTE
    ../clib/angel/kernel.s                   0x00000000   Number         0  __rtentry4.o ABSOLUTE
    ../clib/angel/kernel.s                   0x00000000   Number         0  rtexit.o ABSOLUTE
    ../clib/angel/kernel.s                   0x00000000   Number         0  __rtentry2.o ABSOLUTE
    ../clib/angel/rt.s                       0x00000000   Number         0  aeabi_ldiv0.o ABSOLUTE
    ../clib/angel/rt.s                       0x00000000   Number         0  rt_div0.o ABSOLUTE
    ../clib/angel/rt.s                       0x00000000   Number         0  rt_raise.o ABSOLUTE
    ../clib/angel/rt.s                       0x00000000   Number         0  aeabi_ldiv0_sigfpe.o ABSOLUTE
    ../clib/angel/scatter.s                  0x00000000   Number         0  __scatter.o ABSOLUTE
    ../clib/angel/startup.s                  0x00000000   Number         0  __main.o ABSOLUTE
    ../clib/angel/sys.s                      0x00000000   Number         0  indicate_semi.o ABSOLUTE
    ../clib/angel/sys.s                      0x00000000   Number         0  libspace.o ABSOLUTE
    ../clib/angel/sys.s                      0x00000000   Number         0  use_no_semi.o ABSOLUTE
    ../clib/angel/sys.s                      0x00000000   Number         0  sys_stackheap_outer.o ABSOLUTE
    ../clib/angel/sysapp.c                   0x00000000   Number         0  sys_wrch.o ABSOLUTE
    ../clib/angel/sysapp.c                   0x00000000   Number         0  sys_exit.o ABSOLUTE
    ../clib/angel/sysapp.c                   0x00000000   Number         0  sys_command.o ABSOLUTE
    ../clib/armsys.c                         0x00000000   Number         0  argv_veneer.o ABSOLUTE
    ../clib/armsys.c                         0x00000000   Number         0  argv_veneer.o ABSOLUTE
    ../clib/armsys.c                         0x00000000   Number         0  _get_argv_nomalloc.o ABSOLUTE
    ../clib/armsys.c                         0x00000000   Number         0  no_argv.o ABSOLUTE
    ../clib/heapalloc.c                      0x00000000   Number         0  hrguard.o ABSOLUTE
    ../clib/heapaux.c                        0x00000000   Number         0  heapauxi.o ABSOLUTE
    ../clib/libinit.s                        0x00000000   Number         0  libinit.o ABSOLUTE
    ../clib/libinit.s                        0x00000000   Number         0  libinit2.o ABSOLUTE
    ../clib/libinit.s                        0x00000000   Number         0  libshutdown2.o ABSOLUTE
    ../clib/libinit.s                        0x00000000   Number         0  libshutdown.o ABSOLUTE
    ../clib/longlong.s                       0x00000000   Number         0  lludivv7m.o ABSOLUTE
    ../clib/memcpset.s                       0x00000000   Number         0  rt_memcpy_v6.o ABSOLUTE
    ../clib/memcpset.s                       0x00000000   Number         0  rt_memcpy_w.o ABSOLUTE
    ../clib/signal.c                         0x00000000   Number         0  defsig_rtmem_formal.o ABSOLUTE
    ../clib/signal.c                         0x00000000   Number         0  defsig_rtmem_outer.o ABSOLUTE
    ../clib/signal.c                         0x00000000   Number         0  defsig_rtmem_inner.o ABSOLUTE
    ../clib/signal.c                         0x00000000   Number         0  defsig_rtred_inner.o ABSOLUTE
    ../clib/signal.c                         0x00000000   Number         0  defsig_abrt_inner.o ABSOLUTE
    ../clib/signal.c                         0x00000000   Number         0  defsig_pvfn_inner.o ABSOLUTE
    ../clib/signal.c                         0x00000000   Number         0  __raise.o ABSOLUTE
    ../clib/signal.c                         0x00000000   Number         0  defsig_exit.o ABSOLUTE
    ../clib/signal.c                         0x00000000   Number         0  defsig_general.o ABSOLUTE
    ../clib/signal.c                         0x00000000   Number         0  defsig_other.o ABSOLUTE
    ../clib/signal.c                         0x00000000   Number         0  defsig_segv_inner.o ABSOLUTE
    ../clib/signal.c                         0x00000000   Number         0  defsig_cppl_inner.o ABSOLUTE
    ../clib/signal.c                         0x00000000   Number         0  defsig_fpe_outer.o ABSOLUTE
    ../clib/signal.c                         0x00000000   Number         0  defsig_fpe_formal.o ABSOLUTE
    ../clib/signal.c                         0x00000000   Number         0  defsig_stak_inner.o ABSOLUTE
    ../clib/signal.c                         0x00000000   Number         0  defsig_fpe_inner.o ABSOLUTE
    ../clib/signal.s                         0x00000000   Number         0  defsig.o ABSOLUTE
    ../clib/stdlib.c                         0x00000000   Number         0  exit.o ABSOLUTE
    ../fplib/fpinit.s                        0x00000000   Number         0  fpinit.o ABSOLUTE
    ..\..\Source\list.c                      0x00000000   Number         0  list.o ABSOLUTE
    ..\..\Source\portable\MemMang\heap_2.c   0x00000000   Number         0  heap_2.o ABSOLUTE
    ..\..\Source\portable\RVDS\ARM_CM3\port.c 0x00000000   Number         0  port.o ABSOLUTE
    ..\..\Source\queue.c                     0x00000000   Number         0  queue.o ABSOLUTE
    ..\..\Source\tasks.c                     0x00000000   Number         0  tasks.o ABSOLUTE
    ..\\..\\Source\\list.c                   0x00000000   Number         0  list.o ABSOLUTE
    ..\\..\\Source\\portable\\MemMang\\heap_2.c 0x00000000   Number         0  heap_2.o ABSOLUTE
    ..\\..\\Source\\portable\\RVDS\\ARM_CM3\\port.c 0x00000000   Number         0  port.o ABSOLUTE
    ..\\..\\Source\\queue.c                  0x00000000   Number         0  queue.o ABSOLUTE
    ..\\..\\Source\\tasks.c                  0x00000000   Number         0  tasks.o ABSOLUTE
    dc.s                                     0x00000000   Number         0  dc.o ABSOLUTE
    main.c                                   0x00000000   Number         0  main.o ABSOLUTE
    main.c                                   0x00000000   Number         0  main.o ABSOLUTE
    myTasks.c                                0x00000000   Number         0  mytasks.o ABSOLUTE
    myTasks.c                                0x00000000   Number         0  mytasks.o ABSOLUTE
    start\\system_LPC17xx.c                  0x00000000   Number         0  system_lpc17xx.o ABSOLUTE
    start\keil_freertos_startup_lpc17xx40xx.s 0x00000000   Number         0  keil_freertos_startup_lpc17xx40xx.o ABSOLUTE
    start\system_LPC17xx.c                   0x00000000   Number         0  system_lpc17xx.o ABSOLUTE
    !!!main                                  0x000000cc   Section        8  __main.o(!!!main)
    !!!scatter                               0x000000d4   Section       52  __scatter.o(!!!scatter)
    !!handler_copy                           0x00000108   Section       26  __scatter_copy.o(!!handler_copy)
    !!handler_zi                             0x00000124   Section       28  __scatter_zi.o(!!handler_zi)
    .ARM.Collect$$libinit$$00000000          0x00000140   Section        2  libinit.o(.ARM.Collect$$libinit$$00000000)
    .ARM.Collect$$libinit$$00000002          0x00000142   Section        0  libinit2.o(.ARM.Collect$$libinit$$00000002)
    .ARM.Collect$$libinit$$00000004          0x00000142   Section        0  libinit2.o(.ARM.Collect$$libinit$$00000004)
    .ARM.Collect$$libinit$$0000000A          0x00000142   Section        0  libinit2.o(.ARM.Collect$$libinit$$0000000A)
    .ARM.Collect$$libinit$$0000000C          0x00000142   Section        0  libinit2.o(.ARM.Collect$$libinit$$0000000C)
    .ARM.Collect$$libinit$$0000000E          0x00000142   Section        0  libinit2.o(.ARM.Collect$$libinit$$0000000E)
    .ARM.Collect$$libinit$$00000011          0x00000142   Section        0  libinit2.o(.ARM.Collect$$libinit$$00000011)
    .ARM.Collect$$libinit$$00000013          0x00000142   Section        0  libinit2.o(.ARM.Collect$$libinit$$00000013)
    .ARM.Collect$$libinit$$00000015          0x00000142   Section        0  libinit2.o(.ARM.Collect$$libinit$$00000015)
    .ARM.Collect$$libinit$$00000017          0x00000142   Section        0  libinit2.o(.ARM.Collect$$libinit$$00000017)
    .ARM.Collect$$libinit$$00000019          0x00000142   Section        0  libinit2.o(.ARM.Collect$$libinit$$00000019)
    .ARM.Collect$$libinit$$0000001B          0x00000142   Section        0  libinit2.o(.ARM.Collect$$libinit$$0000001B)
    .ARM.Collect$$libinit$$0000001D          0x00000142   Section        0  libinit2.o(.ARM.Collect$$libinit$$0000001D)
    .ARM.Collect$$libinit$$0000001F          0x00000142   Section        0  libinit2.o(.ARM.Collect$$libinit$$0000001F)
    .ARM.Collect$$libinit$$00000021          0x00000142   Section        0  libinit2.o(.ARM.Collect$$libinit$$00000021)
    .ARM.Collect$$libinit$$00000023          0x00000142   Section        0  libinit2.o(.ARM.Collect$$libinit$$00000023)
    .ARM.Collect$$libinit$$00000025          0x00000142   Section        0  libinit2.o(.ARM.Collect$$libinit$$00000025)
    .ARM.Collect$$libinit$$0000002C          0x00000142   Section        0  libinit2.o(.ARM.Collect$$libinit$$0000002C)
    .ARM.Collect$$libinit$$0000002E          0x00000142   Section        0  libinit2.o(.ARM.Collect$$libinit$$0000002E)
    .ARM.Collect$$libinit$$00000030          0x00000142   Section        0  libinit2.o(.ARM.Collect$$libinit$$00000030)
    .ARM.Collect$$libinit$$00000032          0x00000142   Section        0  libinit2.o(.ARM.Collect$$libinit$$00000032)
    .ARM.Collect$$libinit$$00000033          0x00000142   Section        2  libinit2.o(.ARM.Collect$$libinit$$00000033)
    .ARM.Collect$$libshutdown$$00000000      0x00000144   Section        2  libshutdown.o(.ARM.Collect$$libshutdown$$00000000)
    .ARM.Collect$$libshutdown$$00000002      0x00000146   Section        0  libshutdown2.o(.ARM.Collect$$libshutdown$$00000002)
    .ARM.Collect$$libshutdown$$00000004      0x00000146   Section        0  libshutdown2.o(.ARM.Collect$$libshutdown$$00000004)
    .ARM.Collect$$libshutdown$$00000007      0x00000146   Section        0  libshutdown2.o(.ARM.Collect$$libshutdown$$00000007)
    .ARM.Collect$$libshutdown$$0000000A      0x00000146   Section        0  libshutdown2.o(.ARM.Collect$$libshutdown$$0000000A)
    .ARM.Collect$$libshutdown$$0000000C      0x00000146   Section        0  libshutdown2.o(.ARM.Collect$$libshutdown$$0000000C)
    .ARM.Collect$$libshutdown$$0000000F      0x00000146   Section        0  libshutdown2.o(.ARM.Collect$$libshutdown$$0000000F)
    .ARM.Collect$$libshutdown$$00000010      0x00000146   Section        2  libshutdown2.o(.ARM.Collect$$libshutdown$$00000010)
    .ARM.Collect$$rtentry$$00000000          0x00000148   Section        0  __rtentry.o(.ARM.Collect$$rtentry$$00000000)
    .ARM.Collect$$rtentry$$00000002          0x00000148   Section        0  __rtentry2.o(.ARM.Collect$$rtentry$$00000002)
    .ARM.Collect$$rtentry$$00000004          0x00000148   Section        6  __rtentry4.o(.ARM.Collect$$rtentry$$00000004)
    .ARM.Collect$$rtentry$$00000009          0x0000014e   Section        0  __rtentry2.o(.ARM.Collect$$rtentry$$00000009)
    .ARM.Collect$$rtentry$$0000000A          0x0000014e   Section        4  __rtentry2.o(.ARM.Collect$$rtentry$$0000000A)
    .ARM.Collect$$rtentry$$0000000C          0x00000152   Section        0  __rtentry2.o(.ARM.Collect$$rtentry$$0000000C)
    .ARM.Collect$$rtentry$$0000000D          0x00000152   Section        8  __rtentry2.o(.ARM.Collect$$rtentry$$0000000D)
    .ARM.Collect$$rtexit$$00000000           0x0000015a   Section        2  rtexit.o(.ARM.Collect$$rtexit$$00000000)
    .ARM.Collect$$rtexit$$00000002           0x0000015c   Section        0  rtexit2.o(.ARM.Collect$$rtexit$$00000002)
    .ARM.Collect$$rtexit$$00000003           0x0000015c   Section        4  rtexit2.o(.ARM.Collect$$rtexit$$00000003)
    .ARM.Collect$$rtexit$$00000004           0x00000160   Section        6  rtexit2.o(.ARM.Collect$$rtexit$$00000004)
    .emb_text                                0x00000168   Section      150  port.o(.emb_text)
    .text                                    0x00000200   Section        0  main.o(.text)
    prvSetupHardware                         0x00000205   Thumb Code    40  main.o(.text)
    .text                                    0x00000248   Section        0  list.o(.text)
    .text                                    0x000002dc   Section        0  heapauxi.o(.text)
    .text                                    0x000002e2   Section        0  exit.o(.text)
    .text                                    0x000002f4   Section        8  libspace.o(.text)
    .ARM.__at_0x02FC                         0x000002fc   Section        4  keil_freertos_startup_lpc17xx40xx.o(.ARM.__at_0x02FC)
    .text                                    0x00000300   Section        0  mytasks.o(.text)
    vChange_Rythme_B_Task                    0x00000301   Thumb Code    88  mytasks.o(.text)
    vLed_B_Task                              0x0000036f   Thumb Code    30  mytasks.o(.text)
    vLed_V_Task                              0x0000038d   Thumb Code    30  mytasks.o(.text)
    vLed_R_Task                              0x000003c1   Thumb Code    32  mytasks.o(.text)
    .text                                    0x0000047c   Section        0  tasks.o(.text)
    prvInitialiseTaskLists                   0x0000047d   Thumb Code    70  tasks.o(.text)
    prvAddNewTaskToReadyList                 0x000004c3   Thumb Code   150  tasks.o(.text)
    prvInitialiseNewTask                     0x00000559   Thumb Code   138  tasks.o(.text)
    prvResetNextTaskUnblockTime              0x00000643   Thumb Code    42  tasks.o(.text)
    prvDeleteTCB                             0x0000066d   Thumb Code    18  tasks.o(.text)
    prvAddCurrentTaskToDelayedList           0x0000092d   Thumb Code   124  tasks.o(.text)
    prvTaskIsTaskSuspended                   0x00000c71   Thumb Code    56  tasks.o(.text)
    prvCheckTasksWaitingTermination          0x00000dd7   Thumb Code    60  tasks.o(.text)
    prvIdleTask                              0x00000e13   Thumb Code    32  tasks.o(.text)
    .text                                    0x00001428   Section        0  heap_2.o(.text)
    prvHeapInit                              0x00001429   Thumb Code    42  heap_2.o(.text)
    .text                                    0x0000154c   Section        0  port.o(.text)
    prvTaskExitError                         0x0000154d   Thumb Code    22  port.o(.text)
    .text                                    0x00001638   Section       64  keil_freertos_startup_lpc17xx40xx.o(.text)
    .text                                    0x00001678   Section        0  system_lpc17xx.o(.text)
    .text                                    0x0000196c   Section      238  lludivv7m.o(.text)
    .text                                    0x00001a5a   Section       74  sys_stackheap_outer.o(.text)
    .text                                    0x00001aa4   Section        0  sys_exit.o(.text)
    .text                                    0x00001ab0   Section        2  use_no_semi.o(.text)
    .text                                    0x00001ab2   Section        0  indicate_semi.o(.text)
    .data                                    0x10000000   Section        4  mytasks.o(.data)
    .data                                    0x10000004   Section       60  tasks.o(.data)
    pxDelayedTaskList                        0x10000008   Data           4  tasks.o(.data)
    pxOverflowDelayedTaskList                0x1000000c   Data           4  tasks.o(.data)
    uxDeletedTasksWaitingCleanUp             0x10000010   Data           4  tasks.o(.data)
    uxCurrentNumberOfTasks                   0x10000014   Data           4  tasks.o(.data)
    xTickCount                               0x10000018   Data           4  tasks.o(.data)
    uxTopReadyPriority                       0x1000001c   Data           4  tasks.o(.data)
    xSchedulerRunning                        0x10000020   Data           4  tasks.o(.data)
    uxPendedTicks                            0x10000024   Data           4  tasks.o(.data)
    xYieldPending                            0x10000028   Data           4  tasks.o(.data)
    xNumOfOverflows                          0x1000002c   Data           4  tasks.o(.data)
    uxTaskNumber                             0x10000030   Data           4  tasks.o(.data)
    xNextTaskUnblockTime                     0x10000034   Data           4  tasks.o(.data)
    xIdleTaskHandle                          0x10000038   Data           4  tasks.o(.data)
    uxSchedulerSuspended                     0x1000003c   Data           4  tasks.o(.data)
    .data                                    0x10000040   Section       24  heap_2.o(.data)
    xStart                                   0x10000040   Data           8  heap_2.o(.data)
    xEnd                                     0x10000048   Data           8  heap_2.o(.data)
    xFreeBytesRemaining                      0x10000050   Data           4  heap_2.o(.data)
    xHeapHasBeenInitialised                  0x10000054   Data           4  heap_2.o(.data)
    .data                                    0x10000058   Section        4  port.o(.data)
    uxCriticalNesting                        0x10000058   Data           4  port.o(.data)
    .data                                    0x1000005c   Section        4  system_lpc17xx.o(.data)
    .bss                                     0x10000060   Section      180  tasks.o(.bss)
    pxReadyTasksLists                        0x10000060   Data          80  tasks.o(.bss)
    xDelayedTaskList1                        0x100000b0   Data          20  tasks.o(.bss)
    xDelayedTaskList2                        0x100000c4   Data          20  tasks.o(.bss)
    xPendingReadyList                        0x100000d8   Data          20  tasks.o(.bss)
    xTasksWaitingTermination                 0x100000ec   Data          20  tasks.o(.bss)
    xSuspendedTaskList                       0x10000100   Data          20  tasks.o(.bss)
    .bss                                     0x10000114   Section    12288  heap_2.o(.bss)
    ucHeap                                   0x10000114   Data       12288  heap_2.o(.bss)
    .bss                                     0x10003114   Section       96  libspace.o(.bss)
    HEAP                                     0x10003178   Section    12288  keil_freertos_startup_lpc17xx40xx.o(HEAP)
    Heap_Mem                                 0x10003178   Data       12288  keil_freertos_startup_lpc17xx40xx.o(HEAP)
    STACK                                    0x10006178   Section      512  keil_freertos_startup_lpc17xx40xx.o(STACK)
    Stack_Mem                                0x10006178   Data         512  keil_freertos_startup_lpc17xx40xx.o(STACK)
    __initial_sp                             0x10006378   Data           0  keil_freertos_startup_lpc17xx40xx.o(STACK)

    Global Symbols

    Symbol Name                              Value     Ov Type        Size  Object(Section)

    BuildAttributes$$THM_ISAv4$P$D$K$B$S$PE$A:L22UL41UL21$X:L11$S22US41US21$IEEE1$IW$USESV6$~STKCKD$USESV7$~SHL$OSPACE$ROPI$EBA8$UX$STANDARDLIB$REQ8$PRES8$EABIv2 0x00000000   Number         0  anon$$obj.o ABSOLUTE
    __ARM_use_no_argv                        0x00000000   Number         0  main.o ABSOLUTE
    __Vectors                                0x00000000   Data           4  keil_freertos_startup_lpc17xx40xx.o(RESET)
    __ARM_exceptions_init                     - Undefined Weak Reference
    __alloca_initialize                       - Undefined Weak Reference
    __arm_preinit_                            - Undefined Weak Reference
    __cpp_initialize__aeabi_                  - Undefined Weak Reference
    __cxa_finalize                            - Undefined Weak Reference
    __rt_locale                               - Undefined Weak Reference
    __sigvec_lookup                           - Undefined Weak Reference
    _atexit_init                              - Undefined Weak Reference
    _call_atexit_fns                          - Undefined Weak Reference
    _clock_init                               - Undefined Weak Reference
    _fp_trap_init                             - Undefined Weak Reference
    _fp_trap_shutdown                         - Undefined Weak Reference
    _get_lc_collate                           - Undefined Weak Reference
    _get_lc_ctype                             - Undefined Weak Reference
    _get_lc_monetary                          - Undefined Weak Reference
    _get_lc_numeric                           - Undefined Weak Reference
    _get_lc_time                              - Undefined Weak Reference
    _getenv_init                              - Undefined Weak Reference
    _handle_redirection                       - Undefined Weak Reference
    _init_alloc                               - Undefined Weak Reference
    _init_user_alloc                          - Undefined Weak Reference
    _initio                                   - Undefined Weak Reference
    _rand_init                                - Undefined Weak Reference
    _signal_finish                            - Undefined Weak Reference
    _signal_init                              - Undefined Weak Reference
    _terminate_alloc                          - Undefined Weak Reference
    _terminate_user_alloc                     - Undefined Weak Reference
    _terminateio                              - Undefined Weak Reference
    __main                                   0x000000cd   Thumb Code     8  __main.o(!!!main)
    __scatterload                            0x000000d5   Thumb Code     0  __scatter.o(!!!scatter)
    __scatterload_rt2                        0x000000d5   Thumb Code    44  __scatter.o(!!!scatter)
    __scatterload_rt2_thumb_only             0x000000d5   Thumb Code     0  __scatter.o(!!!scatter)
    __scatterload_null                       0x000000e3   Thumb Code     0  __scatter.o(!!!scatter)
    __scatterload_copy                       0x00000109   Thumb Code    26  __scatter_copy.o(!!handler_copy)
    __scatterload_zeroinit                   0x00000125   Thumb Code    28  __scatter_zi.o(!!handler_zi)
    __rt_lib_init                            0x00000141   Thumb Code     0  libinit.o(.ARM.Collect$$libinit$$00000000)
    __rt_lib_init_alloca_1                   0x00000143   Thumb Code     0  libinit2.o(.ARM.Collect$$libinit$$0000002E)
    __rt_lib_init_argv_1                     0x00000143   Thumb Code     0  libinit2.o(.ARM.Collect$$libinit$$0000002C)
    __rt_lib_init_atexit_1                   0x00000143   Thumb Code     0  libinit2.o(.ARM.Collect$$libinit$$0000001B)
    __rt_lib_init_clock_1                    0x00000143   Thumb Code     0  libinit2.o(.ARM.Collect$$libinit$$00000021)
    __rt_lib_init_cpp_1                      0x00000143   Thumb Code     0  libinit2.o(.ARM.Collect$$libinit$$00000032)
    __rt_lib_init_exceptions_1               0x00000143   Thumb Code     0  libinit2.o(.ARM.Collect$$libinit$$00000030)
    __rt_lib_init_fp_1                       0x00000143   Thumb Code     0  libinit2.o(.ARM.Collect$$libinit$$00000002)
    __rt_lib_init_fp_trap_1                  0x00000143   Thumb Code     0  libinit2.o(.ARM.Collect$$libinit$$0000001F)
    __rt_lib_init_getenv_1                   0x00000143   Thumb Code     0  libinit2.o(.ARM.Collect$$libinit$$00000023)
    __rt_lib_init_heap_1                     0x00000143   Thumb Code     0  libinit2.o(.ARM.Collect$$libinit$$0000000A)
    __rt_lib_init_lc_collate_1               0x00000143   Thumb Code     0  libinit2.o(.ARM.Collect$$libinit$$00000011)
    __rt_lib_init_lc_ctype_1                 0x00000143   Thumb Code     0  libinit2.o(.ARM.Collect$$libinit$$00000013)
    __rt_lib_init_lc_monetary_1              0x00000143   Thumb Code     0  libinit2.o(.ARM.Collect$$libinit$$00000015)
    __rt_lib_init_lc_numeric_1               0x00000143   Thumb Code     0  libinit2.o(.ARM.Collect$$libinit$$00000017)
    __rt_lib_init_lc_time_1                  0x00000143   Thumb Code     0  libinit2.o(.ARM.Collect$$libinit$$00000019)
    __rt_lib_init_preinit_1                  0x00000143   Thumb Code     0  libinit2.o(.ARM.Collect$$libinit$$00000004)
    __rt_lib_init_rand_1                     0x00000143   Thumb Code     0  libinit2.o(.ARM.Collect$$libinit$$0000000E)
    __rt_lib_init_return                     0x00000143   Thumb Code     0  libinit2.o(.ARM.Collect$$libinit$$00000033)
    __rt_lib_init_signal_1                   0x00000143   Thumb Code     0  libinit2.o(.ARM.Collect$$libinit$$0000001D)
    __rt_lib_init_stdio_1                    0x00000143   Thumb Code     0  libinit2.o(.ARM.Collect$$libinit$$00000025)
    __rt_lib_init_user_alloc_1               0x00000143   Thumb Code     0  libinit2.o(.ARM.Collect$$libinit$$0000000C)
    __rt_lib_shutdown                        0x00000145   Thumb Code     0  libshutdown.o(.ARM.Collect$$libshutdown$$00000000)
    __rt_lib_shutdown_cpp_1                  0x00000147   Thumb Code     0  libshutdown2.o(.ARM.Collect$$libshutdown$$00000002)
    __rt_lib_shutdown_fp_trap_1              0x00000147   Thumb Code     0  libshutdown2.o(.ARM.Collect$$libshutdown$$00000007)
    __rt_lib_shutdown_heap_1                 0x00000147   Thumb Code     0  libshutdown2.o(.ARM.Collect$$libshutdown$$0000000F)
    __rt_lib_shutdown_return                 0x00000147   Thumb Code     0  libshutdown2.o(.ARM.Collect$$libshutdown$$00000010)
    __rt_lib_shutdown_signal_1               0x00000147   Thumb Code     0  libshutdown2.o(.ARM.Collect$$libshutdown$$0000000A)
    __rt_lib_shutdown_stdio_1                0x00000147   Thumb Code     0  libshutdown2.o(.ARM.Collect$$libshutdown$$00000004)
    __rt_lib_shutdown_user_alloc_1           0x00000147   Thumb Code     0  libshutdown2.o(.ARM.Collect$$libshutdown$$0000000C)
    __rt_entry                               0x00000149   Thumb Code     0  __rtentry.o(.ARM.Collect$$rtentry$$00000000)
    __rt_entry_presh_1                       0x00000149   Thumb Code     0  __rtentry2.o(.ARM.Collect$$rtentry$$00000002)
    __rt_entry_sh                            0x00000149   Thumb Code     0  __rtentry4.o(.ARM.Collect$$rtentry$$00000004)
    __rt_entry_li                            0x0000014f   Thumb Code     0  __rtentry2.o(.ARM.Collect$$rtentry$$0000000A)
    __rt_entry_postsh_1                      0x0000014f   Thumb Code     0  __rtentry2.o(.ARM.Collect$$rtentry$$00000009)
    __rt_entry_main                          0x00000153   Thumb Code     0  __rtentry2.o(.ARM.Collect$$rtentry$$0000000D)
    __rt_entry_postli_1                      0x00000153   Thumb Code     0  __rtentry2.o(.ARM.Collect$$rtentry$$0000000C)
    __rt_exit                                0x0000015b   Thumb Code     0  rtexit.o(.ARM.Collect$$rtexit$$00000000)
    __rt_exit_ls                             0x0000015d   Thumb Code     0  rtexit2.o(.ARM.Collect$$rtexit$$00000003)
    __rt_exit_prels_1                        0x0000015d   Thumb Code     0  rtexit2.o(.ARM.Collect$$rtexit$$00000002)
    __rt_exit_exit                           0x00000161   Thumb Code     0  rtexit2.o(.ARM.Collect$$rtexit$$00000004)
    SVC_Handler                              0x00000169   Thumb Code    32  port.o(.emb_text)
    __asm___6_port_c_39a90d8d__prvStartFirstTask 0x0000018d   Thumb Code    28  port.o(.emb_text)
    PendSV_Handler                           0x000001ad   Thumb Code    72  port.o(.emb_text)
    vPortGetIPSR                             0x000001f9   Thumb Code     6  port.o(.emb_text)
    gestion_abort                            0x00000201   Thumb Code     4  main.o(.text)
    main                                     0x0000022d   Thumb Code    18  main.o(.text)
    vListInitialise                          0x00000249   Thumb Code    26  list.o(.text)
    vListInitialiseItem                      0x00000263   Thumb Code     6  list.o(.text)
    vListInsertEnd                           0x00000269   Thumb Code    24  list.o(.text)
    vListInsert                              0x00000281   Thumb Code    52  list.o(.text)
    uxListRemove                             0x000002b5   Thumb Code    40  list.o(.text)
    __use_two_region_memory                  0x000002dd   Thumb Code     2  heapauxi.o(.text)
    __rt_heap_escrow$2region                 0x000002df   Thumb Code     2  heapauxi.o(.text)
    __rt_heap_expand$2region                 0x000002e1   Thumb Code     2  heapauxi.o(.text)
    exit                                     0x000002e3   Thumb Code    18  exit.o(.text)
    __user_libspace                          0x000002f5   Thumb Code     8  libspace.o(.text)
    __user_perproc_libspace                  0x000002f5   Thumb Code     0  libspace.o(.text)
    __user_perthread_libspace                0x000002f5   Thumb Code     0  libspace.o(.text)
    actualise_ledV                           0x00000359   Thumb Code    22  mytasks.o(.text)
    actualise_ledR                           0x000003ab   Thumb Code    22  mytasks.o(.text)
    vInit_myTasks                            0x000003e1   Thumb Code    78  mytasks.o(.text)
    actualise_ledB                           0x0000042f   Thumb Code    22  mytasks.o(.text)
    xTaskCreate                              0x000005e3   Thumb Code    96  tasks.o(.text)
    vTaskDelete                              0x0000067f   Thumb Code   166  tasks.o(.text)
    xTaskIncrementTick                       0x00000725   Thumb Code   238  tasks.o(.text)
    xTaskResumeAll                           0x00000813   Thumb Code   282  tasks.o(.text)
    vTaskSuspendAll                          0x000009a9   Thumb Code    12  tasks.o(.text)
    vTaskDelayUntil                          0x000009b5   Thumb Code   106  tasks.o(.text)
    vTaskDelay                               0x00000a1f   Thumb Code    46  tasks.o(.text)
    uxTaskPriorityGet                        0x00000a4d   Thumb Code    30  tasks.o(.text)
    uxTaskPriorityGetFromISR                 0x00000a6b   Thumb Code    52  tasks.o(.text)
    vTaskPrioritySet                         0x00000a9f   Thumb Code   216  tasks.o(.text)
    vTaskSwitchContext                       0x00000b77   Thumb Code    76  tasks.o(.text)
    vTaskSuspend                             0x00000bc3   Thumb Code   174  tasks.o(.text)
    vTaskResume                              0x00000ca9   Thumb Code   172  tasks.o(.text)
    xTaskResumeFromISR                       0x00000d55   Thumb Code   130  tasks.o(.text)
    vTaskStartScheduler                      0x00000e33   Thumb Code    72  tasks.o(.text)
    vTaskEndScheduler                        0x00000e7b   Thumb Code    32  tasks.o(.text)
    xTaskGetTickCount                        0x00000e9b   Thumb Code     6  tasks.o(.text)
    xTaskGetTickCountFromISR                 0x00000ea1   Thumb Code     8  tasks.o(.text)
    uxTaskGetNumberOfTasks                   0x00000ea9   Thumb Code     6  tasks.o(.text)
    pcTaskGetName                            0x00000eaf   Thumb Code    20  tasks.o(.text)
    vTaskPlaceOnEventList                    0x00000ec3   Thumb Code    28  tasks.o(.text)
    vTaskPlaceOnUnorderedEventList           0x00000edf   Thumb Code    40  tasks.o(.text)
    xTaskRemoveFromEventList                 0x00000f07   Thumb Code   104  tasks.o(.text)
    vTaskRemoveFromUnorderedEventList        0x00000f6f   Thumb Code    82  tasks.o(.text)
    vTaskSetTimeOutState                     0x00000fc1   Thumb Code    26  tasks.o(.text)
    vTaskInternalSetTimeOutState             0x00000fdb   Thumb Code    14  tasks.o(.text)
    xTaskCheckForTimeOut                     0x00000fe9   Thumb Code    84  tasks.o(.text)
    vTaskMissedYield                         0x0000103d   Thumb Code     8  tasks.o(.text)
    uxTaskResetEventItemValue                0x00001045   Thumb Code    24  tasks.o(.text)
    ulTaskNotifyTake                         0x0000105d   Thumb Code   108  tasks.o(.text)
    xTaskNotifyWait                          0x000010c9   Thumb Code   226  tasks.o(.text)
    xTaskGenericNotify                       0x000011ab   Thumb Code   180  tasks.o(.text)
    xTaskGenericNotifyFromISR                0x0000125f   Thumb Code   228  tasks.o(.text)
    vTaskNotifyGiveFromISR                   0x00001343   Thumb Code   152  tasks.o(.text)
    xTaskNotifyStateClear                    0x000013db   Thumb Code    48  tasks.o(.text)
    pvPortMalloc                             0x00001453   Thumb Code   166  heap_2.o(.text)
    vPortFree                                0x000014f9   Thumb Code    56  heap_2.o(.text)
    xPortGetFreeHeapSize                     0x00001531   Thumb Code     6  heap_2.o(.text)
    vPortInitialiseBlocks                    0x00001537   Thumb Code     2  heap_2.o(.text)
    pxPortInitialiseStack                    0x00001563   Thumb Code    30  port.o(.text)
    vPortSetupTimerInterrupt                 0x00001581   Thumb Code    22  port.o(.text)
    xPortStartScheduler                      0x00001597   Thumb Code    42  port.o(.text)
    vPortEndScheduler                        0x000015c1   Thumb Code     2  port.o(.text)
    vPortEnterCritical                       0x000015c3   Thumb Code    30  port.o(.text)
    vPortExitCritical                        0x000015e1   Thumb Code    28  port.o(.text)
    SysTick_Handler                          0x000015fd   Thumb Code    48  port.o(.text)
    Reset_Handler                            0x00001639   Thumb Code     8  keil_freertos_startup_lpc17xx40xx.o(.text)
    NMI_Handler                              0x00001641   Thumb Code     2  keil_freertos_startup_lpc17xx40xx.o(.text)
    HardFault_Handler                        0x00001643   Thumb Code     2  keil_freertos_startup_lpc17xx40xx.o(.text)
    MemManage_Handler                        0x00001645   Thumb Code     2  keil_freertos_startup_lpc17xx40xx.o(.text)
    BusFault_Handler                         0x00001647   Thumb Code     2  keil_freertos_startup_lpc17xx40xx.o(.text)
    UsageFault_Handler                       0x00001649   Thumb Code     2  keil_freertos_startup_lpc17xx40xx.o(.text)
    DebugMon_Handler                         0x0000164d   Thumb Code     2  keil_freertos_startup_lpc17xx40xx.o(.text)
    ADC_IRQHandler                           0x00001653   Thumb Code     0  keil_freertos_startup_lpc17xx40xx.o(.text)
    BOD_IRQHandler                           0x00001653   Thumb Code     0  keil_freertos_startup_lpc17xx40xx.o(.text)
    CANActivity_IRQHandler                   0x00001653   Thumb Code     0  keil_freertos_startup_lpc17xx40xx.o(.text)
    CAN_IRQHandler                           0x00001653   Thumb Code     0  keil_freertos_startup_lpc17xx40xx.o(.text)
    DMA_IRQHandler                           0x00001653   Thumb Code     0  keil_freertos_startup_lpc17xx40xx.o(.text)
    EINT0_IRQHandler                         0x00001653   Thumb Code     0  keil_freertos_startup_lpc17xx40xx.o(.text)
    EINT1_IRQHandler                         0x00001653   Thumb Code     0  keil_freertos_startup_lpc17xx40xx.o(.text)
    EINT2_IRQHandler                         0x00001653   Thumb Code     0  keil_freertos_startup_lpc17xx40xx.o(.text)
    EINT3_IRQHandler                         0x00001653   Thumb Code     0  keil_freertos_startup_lpc17xx40xx.o(.text)
    ENET_IRQHandler                          0x00001653   Thumb Code     0  keil_freertos_startup_lpc17xx40xx.o(.text)
    I2C0_IRQHandler                          0x00001653   Thumb Code     0  keil_freertos_startup_lpc17xx40xx.o(.text)
    I2C1_IRQHandler                          0x00001653   Thumb Code     0  keil_freertos_startup_lpc17xx40xx.o(.text)
    I2C2_IRQHandler                          0x00001653   Thumb Code     0  keil_freertos_startup_lpc17xx40xx.o(.text)
    I2S_IRQHandler                           0x00001653   Thumb Code     0  keil_freertos_startup_lpc17xx40xx.o(.text)
    MCPWM_IRQHandler                         0x00001653   Thumb Code     0  keil_freertos_startup_lpc17xx40xx.o(.text)
    PLL0_IRQHandler                          0x00001653   Thumb Code     0  keil_freertos_startup_lpc17xx40xx.o(.text)
    PLL1_IRQHandler                          0x00001653   Thumb Code     0  keil_freertos_startup_lpc17xx40xx.o(.text)
    PWM1_IRQHandler                          0x00001653   Thumb Code     0  keil_freertos_startup_lpc17xx40xx.o(.text)
    QEI_IRQHandler                           0x00001653   Thumb Code     0  keil_freertos_startup_lpc17xx40xx.o(.text)
    RIT_IRQHandler                           0x00001653   Thumb Code     0  keil_freertos_startup_lpc17xx40xx.o(.text)
    RTC_IRQHandler                           0x00001653   Thumb Code     0  keil_freertos_startup_lpc17xx40xx.o(.text)
    SPI_IRQHandler                           0x00001653   Thumb Code     0  keil_freertos_startup_lpc17xx40xx.o(.text)
    SSP0_IRQHandler                          0x00001653   Thumb Code     0  keil_freertos_startup_lpc17xx40xx.o(.text)
    SSP1_IRQHandler                          0x00001653   Thumb Code     0  keil_freertos_startup_lpc17xx40xx.o(.text)
    TIMER0_IRQHandler                        0x00001653   Thumb Code     0  keil_freertos_startup_lpc17xx40xx.o(.text)
    TIMER1_IRQHandler                        0x00001653   Thumb Code     0  keil_freertos_startup_lpc17xx40xx.o(.text)
    TIMER2_IRQHandler                        0x00001653   Thumb Code     0  keil_freertos_startup_lpc17xx40xx.o(.text)
    TIMER3_IRQHandler                        0x00001653   Thumb Code     0  keil_freertos_startup_lpc17xx40xx.o(.text)
    UART0_IRQHandler                         0x00001653   Thumb Code     0  keil_freertos_startup_lpc17xx40xx.o(.text)
    UART1_IRQHandler                         0x00001653   Thumb Code     0  keil_freertos_startup_lpc17xx40xx.o(.text)
    UART2_IRQHandler                         0x00001653   Thumb Code     0  keil_freertos_startup_lpc17xx40xx.o(.text)
    UART3_IRQHandler                         0x00001653   Thumb Code     0  keil_freertos_startup_lpc17xx40xx.o(.text)
    USBActivity_IRQHandler                   0x00001653   Thumb Code     0  keil_freertos_startup_lpc17xx40xx.o(.text)
    USB_IRQHandler                           0x00001653   Thumb Code     0  keil_freertos_startup_lpc17xx40xx.o(.text)
    WDT_IRQHandler                           0x00001653   Thumb Code     0  keil_freertos_startup_lpc17xx40xx.o(.text)
    __user_initial_stackheap                 0x00001655   Thumb Code     0  keil_freertos_startup_lpc17xx40xx.o(.text)
    SystemCoreClockUpdate                    0x00001679   Thumb Code   408  system_lpc17xx.o(.text)
    SystemInit                               0x00001811   Thumb Code   318  system_lpc17xx.o(.text)
    __aeabi_uldivmod                         0x0000196d   Thumb Code     0  lludivv7m.o(.text)
    _ll_udiv                                 0x0000196d   Thumb Code   238  lludivv7m.o(.text)
    __user_setup_stackheap                   0x00001a5b   Thumb Code    74  sys_stackheap_outer.o(.text)
    _sys_exit                                0x00001aa5   Thumb Code     8  sys_exit.o(.text)
    __I$use$semihosting                      0x00001ab1   Thumb Code     0  use_no_semi.o(.text)
    __use_no_semihosting_swi                 0x00001ab1   Thumb Code     2  use_no_semi.o(.text)
    __semihosting_library_function           0x00001ab3   Thumb Code     0  indicate_semi.o(.text)
    Region$$Table$$Base                      0x00001ab4   Number         0  anon$$obj.o(Region$$Table)
    Region$$Table$$Limit                     0x00001ad4   Number         0  anon$$obj.o(Region$$Table)
    reload_B                                 0x10000000   Data           4  mytasks.o(.data)
    pxCurrentTCB                             0x10000004   Data           4  tasks.o(.data)
    SystemCoreClock                          0x1000005c   Data           4  system_lpc17xx.o(.data)
    __libspace_start                         0x10003114   Data          96  libspace.o(.bss)
    __temporary_stack_top$libspace           0x10003174   Data           0  libspace.o(.bss)



==============================================================================

Memory Map of the image

  Image Entry point : 0x000000cd

  Load Region LR_IROM1 (Base: 0x00000000, Size: 0x00001b34, Max: 0x00080000, ABSOLUTE)

    Execution Region ER_IROM1 (Exec base: 0x00000000, Load base: 0x00000000, Size: 0x00001ad4, Max: 0x00080000, ABSOLUTE)

    Exec Addr    Load Addr    Size         Type   Attr      Idx    E Section Name        Object

    0x00000000   0x00000000   0x000000cc   Data   RO          272    RESET               keil_freertos_startup_lpc17xx40xx.o
    0x000000cc   0x000000cc   0x00000008   Code   RO          314  * !!!main             c_w.l(__main.o)
    0x000000d4   0x000000d4   0x00000034   Code   RO          483    !!!scatter          c_w.l(__scatter.o)
    0x00000108   0x00000108   0x0000001a   Code   RO          485    !!handler_copy      c_w.l(__scatter_copy.o)
    0x00000122   0x00000122   0x00000002   PAD
    0x00000124   0x00000124   0x0000001c   Code   RO          487    !!handler_zi        c_w.l(__scatter_zi.o)
    0x00000140   0x00000140   0x00000002   Code   RO          353    .ARM.Collect$$libinit$$00000000  c_w.l(libinit.o)
    0x00000142   0x00000142   0x00000000   Code   RO          366    .ARM.Collect$$libinit$$00000002  c_w.l(libinit2.o)
    0x00000142   0x00000142   0x00000000   Code   RO          368    .ARM.Collect$$libinit$$00000004  c_w.l(libinit2.o)
    0x00000142   0x00000142   0x00000000   Code   RO          371    .ARM.Collect$$libinit$$0000000A  c_w.l(libinit2.o)
    0x00000142   0x00000142   0x00000000   Code   RO          373    .ARM.Collect$$libinit$$0000000C  c_w.l(libinit2.o)
    0x00000142   0x00000142   0x00000000   Code   RO          375    .ARM.Collect$$libinit$$0000000E  c_w.l(libinit2.o)
    0x00000142   0x00000142   0x00000000   Code   RO          378    .ARM.Collect$$libinit$$00000011  c_w.l(libinit2.o)
    0x00000142   0x00000142   0x00000000   Code   RO          380    .ARM.Collect$$libinit$$00000013  c_w.l(libinit2.o)
    0x00000142   0x00000142   0x00000000   Code   RO          382    .ARM.Collect$$libinit$$00000015  c_w.l(libinit2.o)
    0x00000142   0x00000142   0x00000000   Code   RO          384    .ARM.Collect$$libinit$$00000017  c_w.l(libinit2.o)
    0x00000142   0x00000142   0x00000000   Code   RO          386    .ARM.Collect$$libinit$$00000019  c_w.l(libinit2.o)
    0x00000142   0x00000142   0x00000000   Code   RO          388    .ARM.Collect$$libinit$$0000001B  c_w.l(libinit2.o)
    0x00000142   0x00000142   0x00000000   Code   RO          390    .ARM.Collect$$libinit$$0000001D  c_w.l(libinit2.o)
    0x00000142   0x00000142   0x00000000   Code   RO          392    .ARM.Collect$$libinit$$0000001F  c_w.l(libinit2.o)
    0x00000142   0x00000142   0x00000000   Code   RO          394    .ARM.Collect$$libinit$$00000021  c_w.l(libinit2.o)
    0x00000142   0x00000142   0x00000000   Code   RO          396    .ARM.Collect$$libinit$$00000023  c_w.l(libinit2.o)
    0x00000142   0x00000142   0x00000000   Code   RO          398    .ARM.Collect$$libinit$$00000025  c_w.l(libinit2.o)
    0x00000142   0x00000142   0x00000000   Code   RO          402    .ARM.Collect$$libinit$$0000002C  c_w.l(libinit2.o)
    0x00000142   0x00000142   0x00000000   Code   RO          404    .ARM.Collect$$libinit$$0000002E  c_w.l(libinit2.o)
    0x00000142   0x00000142   0x00000000   Code   RO          406    .ARM.Collect$$libinit$$00000030  c_w.l(libinit2.o)
    0x00000142   0x00000142   0x00000000   Code   RO          408    .ARM.Collect$$libinit$$00000032  c_w.l(libinit2.o)
    0x00000142   0x00000142   0x00000002   Code   RO          409    .ARM.Collect$$libinit$$00000033  c_w.l(libinit2.o)
    0x00000144   0x00000144   0x00000002   Code   RO          440    .ARM.Collect$$libshutdown$$00000000  c_w.l(libshutdown.o)
    0x00000146   0x00000146   0x00000000   Code   RO          466    .ARM.Collect$$libshutdown$$00000002  c_w.l(libshutdown2.o)
    0x00000146   0x00000146   0x00000000   Code   RO          468    .ARM.Collect$$libshutdown$$00000004  c_w.l(libshutdown2.o)
    0x00000146   0x00000146   0x00000000   Code   RO          471    .ARM.Collect$$libshutdown$$00000007  c_w.l(libshutdown2.o)
    0x00000146   0x00000146   0x00000000   Code   RO          474    .ARM.Collect$$libshutdown$$0000000A  c_w.l(libshutdown2.o)
    0x00000146   0x00000146   0x00000000   Code   RO          476    .ARM.Collect$$libshutdown$$0000000C  c_w.l(libshutdown2.o)
    0x00000146   0x00000146   0x00000000   Code   RO          479    .ARM.Collect$$libshutdown$$0000000F  c_w.l(libshutdown2.o)
    0x00000146   0x00000146   0x00000002   Code   RO          480    .ARM.Collect$$libshutdown$$00000010  c_w.l(libshutdown2.o)
    0x00000148   0x00000148   0x00000000   Code   RO          316    .ARM.Collect$$rtentry$$00000000  c_w.l(__rtentry.o)
    0x00000148   0x00000148   0x00000000   Code   RO          324    .ARM.Collect$$rtentry$$00000002  c_w.l(__rtentry2.o)
    0x00000148   0x00000148   0x00000006   Code   RO          336    .ARM.Collect$$rtentry$$00000004  c_w.l(__rtentry4.o)
    0x0000014e   0x0000014e   0x00000000   Code   RO          326    .ARM.Collect$$rtentry$$00000009  c_w.l(__rtentry2.o)
    0x0000014e   0x0000014e   0x00000004   Code   RO          327    .ARM.Collect$$rtentry$$0000000A  c_w.l(__rtentry2.o)
    0x00000152   0x00000152   0x00000000   Code   RO          329    .ARM.Collect$$rtentry$$0000000C  c_w.l(__rtentry2.o)
    0x00000152   0x00000152   0x00000008   Code   RO          330    .ARM.Collect$$rtentry$$0000000D  c_w.l(__rtentry2.o)
    0x0000015a   0x0000015a   0x00000002   Code   RO          357    .ARM.Collect$$rtexit$$00000000  c_w.l(rtexit.o)
    0x0000015c   0x0000015c   0x00000000   Code   RO          413    .ARM.Collect$$rtexit$$00000002  c_w.l(rtexit2.o)
    0x0000015c   0x0000015c   0x00000004   Code   RO          414    .ARM.Collect$$rtexit$$00000003  c_w.l(rtexit2.o)
    0x00000160   0x00000160   0x00000006   Code   RO          415    .ARM.Collect$$rtexit$$00000004  c_w.l(rtexit2.o)
    0x00000166   0x00000166   0x00000002   PAD
    0x00000168   0x00000168   0x00000096   Code   RO          228    .emb_text           port.o
    0x000001fe   0x000001fe   0x00000002   PAD
    0x00000200   0x00000200   0x00000048   Code   RO            3    .text               main.o
    0x00000248   0x00000248   0x00000094   Code   RO          150    .text               list.o
    0x000002dc   0x000002dc   0x00000006   Code   RO          312    .text               c_w.l(heapauxi.o)
    0x000002e2   0x000002e2   0x00000012   Code   RO          342    .text               c_w.l(exit.o)
    0x000002f4   0x000002f4   0x00000008   Code   RO          354    .text               c_w.l(libspace.o)
    0x000002fc   0x000002fc   0x00000004   Code   RO          273    .ARM.__at_0x02FC    keil_freertos_startup_lpc17xx40xx.o
    0x00000300   0x00000300   0x0000017c   Code   RO           82    .text               mytasks.o
    0x0000047c   0x0000047c   0x00000fac   Code   RO          105    .text               tasks.o
    0x00001428   0x00001428   0x00000124   Code   RO          205    .text               heap_2.o
    0x0000154c   0x0000154c   0x000000ec   Code   RO          229    .text               port.o
    0x00001638   0x00001638   0x00000040   Code   RO          274    .text               keil_freertos_startup_lpc17xx40xx.o
    0x00001678   0x00001678   0x000002f4   Code   RO          282    .text               system_lpc17xx.o
    0x0000196c   0x0000196c   0x000000ee   Code   RO          308    .text               c_w.l(lludivv7m.o)
    0x00001a5a   0x00001a5a   0x0000004a   Code   RO          340    .text               c_w.l(sys_stackheap_outer.o)
    0x00001aa4   0x00001aa4   0x0000000c   Code   RO          410    .text               c_w.l(sys_exit.o)
    0x00001ab0   0x00001ab0   0x00000002   Code   RO          429    .text               c_w.l(use_no_semi.o)
    0x00001ab2   0x00001ab2   0x00000000   Code   RO          431    .text               c_w.l(indicate_semi.o)
    0x00001ab2   0x00001ab2   0x00000002   PAD
    0x00001ab4   0x00001ab4   0x00000020   Data   RO          481    Region$$Table       anon$$obj.o


    Execution Region RW_IRAM1 (Exec base: 0x10000000, Load base: 0x00001ad4, Size: 0x00006378, Max: 0x00008000, ABSOLUTE)

    Exec Addr    Load Addr    Size         Type   Attr      Idx    E Section Name        Object

    0x10000000   0x00001ad4   0x00000004   Data   RW           83    .data               mytasks.o
    0x10000004   0x00001ad8   0x0000003c   Data   RW          107    .data               tasks.o
    0x10000040   0x00001b14   0x00000018   Data   RW          207    .data               heap_2.o
    0x10000058   0x00001b2c   0x00000004   Data   RW          230    .data               port.o
    0x1000005c   0x00001b30   0x00000004   Data   RW          283    .data               system_lpc17xx.o
    0x10000060        -       0x000000b4   Zero   RW          106    .bss                tasks.o
    0x10000114        -       0x00003000   Zero   RW          206    .bss                heap_2.o
    0x10003114        -       0x00000060   Zero   RW          355    .bss                c_w.l(libspace.o)
    0x10003174   0x00001b34   0x00000004   PAD
    0x10003178        -       0x00003000   Zero   RW          271    HEAP                keil_freertos_startup_lpc17xx40xx.o
    0x10006178        -       0x00000200   Zero   RW          270    STACK               keil_freertos_startup_lpc17xx40xx.o


==============================================================================

Image component sizes


      Code (inc. data)   RO Data    RW Data    ZI Data      Debug   Object Name

       292         20          0         24      12288       3260   heap_2.o
        68         30        204          0      12800       1120   keil_freertos_startup_lpc17xx40xx.o
       148          0          0          0          0       1902   list.o
        72         10          0          0          0      14001   main.o
       380         56          0          4          0       1852   mytasks.o
       386         24          0          4          0       7136   port.o
       756         30          0          4          0       1145   system_lpc17xx.o
      4012        258          0         60        180      27340   tasks.o

    ----------------------------------------------------------------------
      6116        428        236         96      25268      57756   Object Totals
         0          0         32          0          0          0   (incl. Generated)
         2          0          0          0          0          0   (incl. Padding)

    ----------------------------------------------------------------------

      Code (inc. data)   RO Data    RW Data    ZI Data      Debug   Library Member Name

         8          0          0          0          0         68   __main.o
         0          0          0          0          0          0   __rtentry.o
        12          0          0          0          0          0   __rtentry2.o
         6          0          0          0          0          0   __rtentry4.o
        52          8          0          0          0          0   __scatter.o
        26          0          0          0          0          0   __scatter_copy.o
        28          0          0          0          0          0   __scatter_zi.o
        18          0          0          0          0         80   exit.o
         6          0          0          0          0        152   heapauxi.o
         0          0          0          0          0          0   indicate_semi.o
         2          0          0          0          0          0   libinit.o
         2          0          0          0          0          0   libinit2.o
         2          0          0          0          0          0   libshutdown.o
         2          0          0          0          0          0   libshutdown2.o
         8          4          0          0         96         68   libspace.o
       238          0          0          0          0        100   lludivv7m.o
         2          0          0          0          0          0   rtexit.o
        10          0          0          0          0          0   rtexit2.o
        12          4          0          0          0         68   sys_exit.o
        74          0          0          0          0         80   sys_stackheap_outer.o
         2          0          0          0          0         68   use_no_semi.o

    ----------------------------------------------------------------------
       516         16          0          0        100        684   Library Totals
         6          0          0          0          4          0   (incl. Padding)

    ----------------------------------------------------------------------

      Code (inc. data)   RO Data    RW Data    ZI Data      Debug   Library Name

       510         16          0          0         96        684   c_w.l

    ----------------------------------------------------------------------
       516         16          0          0        100        684   Library Totals

    ----------------------------------------------------------------------

==============================================================================


      Code (inc. data)   RO Data    RW Data    ZI Data      Debug   

      6632        444        236         96      25368      57448   Grand Totals
      6632        444        236         96      25368      57448   ELF Image Totals
      6632        444        236         96          0          0   ROM Totals

==============================================================================

    Total RO  Size (Code + RO Data)                 6868 (   6.71kB)
    Total RW  Size (RW Data + ZI Data)             25464 (  24.87kB)
    Total ROM Size (Code + RO Data + RW Data)       6964 (   6.80kB)

==============================================================================

